// Jest Snapshot v1, https://goo.gl/fbAQLP

exports[`<CustomTextEditor /> should render CustomTextEditor component correctly 1`] = `ReactWrapper {}`;
