// Jest Snapshot v1, https://goo.gl/fbAQLP

exports[`<CircularUploadingProgressBar /> should render CircularUploadingProgressBar component correctly 1`] = `
<div
  className="MuiBox-root MuiBox-root-6 makeStyles-general-1 makeStyles-root-2"
>
  <div
    className="MuiBox-root MuiBox-root-7 makeStyles-container-3"
  >
    <div
      aria-valuenow={0}
      className="MuiCircularProgress-root MuiCircularProgress-colorPrimary MuiCircularProgress-determinate"
      role="progressbar"
      style={
        Object {
          "height": 100,
          "transform": "rotate(-90deg)",
          "width": 100,
        }
      }
    >
      <svg
        className="MuiCircularProgress-svg"
        viewBox="22 22 44 44"
      >
        <circle
          className="MuiCircularProgress-circle MuiCircularProgress-circleDeterminate"
          cx={44}
          cy={44}
          fill="none"
          r={20.2}
          strokeWidth={3.6}
          style={
            Object {
              "strokeDasharray": "126.920",
              "strokeDashoffset": "126.920px",
            }
          }
        />
      </svg>
    </div>
    <p
      className="MuiTypography-root makeStyles-general-1 makeStyles-progress-4 MuiTypography-body1 MuiTypography-colorInherit"
    >
      NaN%
    </p>
    <p
      className="MuiTypography-root makeStyles-general-1 makeStyles-translate-5 MuiTypography-body1"
    >
      processes.upload
    </p>
  </div>
</div>
`;
